------------------------------------------------------
Started: 2026-07-30 10:48:58.670921
Existing_entries: 0
Fetching from https://www.kimi.com/blog/
Collector kimi_blog: 9 entries
Append: [Kimi K3](https://www.kimi.com/blog/kimi-k3)
Append: [PerceptionBench](https://www.kimi.com/blog/perception-bench)
Append: [Kimi K2.6](https://www.kimi.com/blog/kimi-k2-6)
Append: [Agent Swarm](https://www.kimi.com/blog/agent-swarm)
Append: [WorldVQA](https://www.kimi.com/blog/worldvqa)
Append: [Kimi K2.5](https://www.kimi.com/blog/kimi-k2-5)
Append: [Kimi Vendor Verifier](https://www.kimi.com/blog/kimi-vendor-verifier)
Append: [Kimi K2 Thinking](https://www.kimi.com/blog/kimi-k2-thinking)
Append: [Kimi K2](https://www.kimi.com/blog/kimi-k2)
append_entries: 9
Finish: 2026-07-30 10:48:59.156376
------------------------------------------------------
Started: 2026-07-30 10:53:19.163734
Existing_entries: 9
Fetching from https://www.kimi.com/blog/
Collector kimi_blog: 9 entries
append_entries: 0
Finish: 2026-07-30 10:53:19.584727
------------------------------------------------------
Started: 2026-07-30 10:55:33.859669
Existing_entries: 9
Fetching from https://www.kimi.com/blog/
Collector kimi_blog: 9 entries
append_entries: 0
Finish: 2026-07-30 10:55:34.577006
------------------------------------------------------
Started: 2026-07-30 11:03:22.813974
Existing_entries: 9
Fetching from https://www.kimi.com/blog/
Collector kimi_blog: 9 entries
append_entries: 0
Finish: 2026-07-30 11:03:23.176458
------------------------------------------------------
Started: 2026-07-30 11:05:25.032849
Existing_entries: 9
Fetching from https://www.kimi.com/blog/
Collector kimi_blog: 9 entries
append_entries: 0
Finish: 2026-07-30 11:05:25.382893
------------------------------------------------------
Started: 2026-07-30 04:08:30.576797
Existing_entries: 9
Fetching from https://www.kimi.com/blog/
Collector kimi_blog: 9 entries
append_entries: 0
Backfill time budget exhausted; remaining entries deferred to the next run.
backfilled_entries: 0
Finish: 2026-07-30 04:08:31.529784
------------------------------------------------------
Started: 2026-07-30 05:29:30.401263
Existing_entries: 9
Fetching from https://www.kimi.com/blog/
Collector kimi_blog: 9 entries
append_entries: 0
Backfilled in 76s: [PerceptionBench](https://www.kimi.com/blog/perception-bench)
Category: 开源项目
Backfilled in 78s: [Kimi K3](https://www.kimi.com/blog/kimi-k3)
Category: 模型发布
backfilled_entries: 2
Finish: 2026-07-30 05:30:48.801865
------------------------------------------------------
Started: 2026-07-31 04:03:37.787326
Existing_entries: 9
Fetching from https://www.kimi.com/blog/
Collector kimi_blog: 9 entries
append_entries: 0
backfilled_entries: 0
Finish: 2026-07-31 04:03:38.454287
------------------------------------------------------
Started: 2026-07-31 14:14:04.476044
Existing_entries: 9
Fetching from https://www.kimi.com/blog/
Collector kimi_blog: 9 entries
append_entries: 0
backfilled_entries: 0
Finish: 2026-07-31 14:14:05.137918
------------------------------------------------------
Started: 2026-08-01 04:10:12.146965
Existing_entries: 9
Fetching from https://www.kimi.com/blog/
Collector kimi_blog: 9 entries
append_entries: 0
backfilled_entries: 0
Finish: 2026-08-01 04:10:12.944967
------------------------------------------------------
Started: 2026-08-02 04:07:30.060191
Existing_entries: 9
Fetching from https://www.kimi.com/blog/
Collector kimi_blog: 9 entries
append_entries: 0
backfilled_entries: 0
Finish: 2026-08-02 04:07:30.812834
------------------------------------------------------
Started: 2026-08-03 04:01:32.107990
Existing_entries: 9
Fetching from https://www.kimi.com/blog/
Collector kimi_blog: 9 entries
append_entries: 0
backfilled_entries: 0
Finish: 2026-08-03 04:01:32.919283
------------------------------------------------------
Started: 2026-08-04 03:49:01.920034
Existing_entries: 9
Fetching from https://www.kimi.com/blog/
Collector kimi_blog: 9 entries
append_entries: 0
backfilled_entries: 0
Finish: 2026-08-04 03:49:02.600645
------------------------------------------------------
Started: 2026-08-05 03:52:12.248586
Existing_entries: 9
Fetching from https://www.kimi.com/blog/
Collector kimi_blog: 9 entries
append_entries: 0
backfilled_entries: 0
Finish: 2026-08-05 03:52:13.018418
------------------------------------------------------
Started: 2026-08-05 17:20:40.722341
Existing_entries: 9
Fetching from https://www.kimi.com/blog/
Collector kimi_blog: 9 entries
append_entries: 0
backfilled_entries: 0
Finish: 2026-08-05 17:20:41.389826
------------------------------------------------------
Started: 2026-08-06 03:42:58.882946
Existing_entries: 9
Fetching from https://www.kimi.com/blog/
Collector kimi_blog: 9 entries
append_entries: 0
backfilled_entries: 0
Finish: 2026-08-06 03:42:59.828511
------------------------------------------------------
Started: 2026-08-07 03:17:56.938291
Existing_entries: 9
Fetching from https://www.kimi.com/blog/
Collector kimi_blog: 9 entries
append_entries: 0
backfilled_entries: 0
Finish: 2026-08-07 03:17:58.073148
------------------------------------------------------
Started: 2026-08-07 15:15:53.696388
Existing_entries: 9
Fetching from https://www.kimi.com/blog/
Collector kimi_blog: 9 entries
append_entries: 0
backfilled_entries: 0
Finish: 2026-08-07 15:15:54.534774
------------------------------------------------------
Started: 2026-08-08 02:28:47.569992
Existing_entries: 9
Fetching from https://www.kimi.com/blog/
Collector kimi_blog: 9 entries
append_entries: 0
backfilled_entries: 0
Finish: 2026-08-08 02:28:48.170303
------------------------------------------------------
Started: 2026-08-09 02:35:56.206153
Existing_entries: 9
Fetching from https://www.kimi.com/blog/
Collector kimi_blog: 9 entries
append_entries: 0
backfilled_entries: 0
Finish: 2026-08-09 02:35:57.234579
------------------------------------------------------
Started: 2026-08-10 02:38:24.644285
Existing_entries: 9
Fetching from https://www.kimi.com/blog/
Collector kimi_blog: 9 entries
append_entries: 0
backfilled_entries: 0
Finish: 2026-08-10 02:38:25.393133
------------------------------------------------------
Started: 2026-08-11 02:35:14.422488
Existing_entries: 9
Fetching from https://www.kimi.com/blog/
Collector kimi_blog: 9 entries
append_entries: 0
backfilled_entries: 0
Finish: 2026-08-11 02:35:15.461153
------------------------------------------------------
Started: 2026-08-11 19:18:35.490315
Existing_entries: 9
Fetching from https://www.kimi.com/blog/
Collector kimi_blog: 9 entries
append_entries: 0
backfilled_entries: 0
Finish: 2026-08-11 19:18:36.291321
------------------------------------------------------
Started: 2026-08-12 02:49:56.522402
Existing_entries: 9
Fetching from https://www.kimi.com/blog/
Collector kimi_blog: 9 entries
append_entries: 0
backfilled_entries: 0
Finish: 2026-08-12 02:49:57.447468
------------------------------------------------------
Started: 2026-08-13 02:56:00.201768
Existing_entries: 9
Fetching from https://www.kimi.com/blog/
Collector kimi_blog: 9 entries
append_entries: 0
backfilled_entries: 0
Finish: 2026-08-13 02:56:01.128992
------------------------------------------------------
Started: 2026-08-14 03:03:31.891914
Existing_entries: 9
Fetching from https://www.kimi.com/blog/
Collector kimi_blog: 9 entries
append_entries: 0
backfilled_entries: 0
Finish: 2026-08-14 03:03:32.903547
------------------------------------------------------
Started: 2026-08-15 01:59:00.119348
Existing_entries: 9
Fetching from https://www.kimi.com/blog/
Collector kimi_blog: 9 entries
append_entries: 0
backfilled_entries: 0
Finish: 2026-08-15 01:59:01.093238
