------------------------------------------------------
Started: 2026-07-30 10:48:59.156912
Existing_entries: 0
Fetching from https://blogs.microsoft.com/feed/
Append: [Looking back on Microsoft’s FY26: From AI experimentation to Frontier Transformation](https://blogs.microsoft.com/blog/2026/07/28/looking-back-on-microsofts-fy26-from-ai-experimentation-to-frontier-transformation/)
Append: [Rethinking security for the age of AI](https://blogs.microsoft.com/blog/2026/07/27/rethinking-security-for-the-age-of-ai/)
Append: [Powering America’s Genesis Mission: Microsoft’s commitment to scientific discovery](https://blogs.microsoft.com/blog/2026/07/22/powering-americas-genesis-mission-microsofts-commitment-to-scientific-discovery/)
Append: [Microsoft expands Azure AI and HPC infrastructure with AMD](https://blogs.microsoft.com/blog/2026/07/20/microsoft-expands-azure-ai-and-hpc-infrastructure-with-amd/)
Append: [The latest in our company transformation](https://blogs.microsoft.com/blog/2026/07/06/the-latest-in-our-company-transformation/)
Append: [Microsoft Frontier Company: AI engineering that amplifies and protects your intelligence](https://blogs.microsoft.com/blog/2026/07/02/microsoft-frontier-company-ai-engineering-that-amplifies-and-protects-your-intelligence/)
Append: [Inside Microsoft’s two-decade push to cut water intensity while scaling for growth](https://blogs.microsoft.com/blog/2026/06/24/inside-microsofts-two-decade-push-to-cut-water-intensity-while-scaling-for-growth/)
Append: [Rethinking cloud operations with agentic observability](https://blogs.microsoft.com/blog/2026/06/23/rethinking-cloud-operations-with-agentic-observability/)
Append: [Powering the next wave of AI: Expanding capacity with our new datacenter in Pecos](https://blogs.microsoft.com/blog/2026/06/22/powering-the-next-wave-of-ai-expanding-capacity-with-our-new-datacenter-in-pecos/)
Append: [Achieving success with AI](https://blogs.microsoft.com/blog/2026/06/16/achieving-success-with-ai/)
append_entries: 10
Finish: 2026-07-30 10:48:59.933659
------------------------------------------------------
Started: 2026-07-30 10:53:19.586017
Existing_entries: 10
Fetching from https://blogs.microsoft.com/feed/
append_entries: 0
Finish: 2026-07-30 10:53:20.218015
------------------------------------------------------
Started: 2026-07-30 10:55:34.587983
Existing_entries: 10
Fetching from https://blogs.microsoft.com/feed/
append_entries: 0
Finish: 2026-07-30 10:55:35.548035
------------------------------------------------------
Started: 2026-07-30 11:03:23.189682
Existing_entries: 10
Fetching from https://blogs.microsoft.com/feed/
append_entries: 0
Finish: 2026-07-30 11:03:23.840322
------------------------------------------------------
Started: 2026-07-30 11:05:25.395529
Existing_entries: 10
Fetching from https://blogs.microsoft.com/feed/
append_entries: 0
Finish: 2026-07-30 11:05:25.999306
------------------------------------------------------
Started: 2026-07-30 04:08:31.530492
Existing_entries: 10
Fetching from https://blogs.microsoft.com/feed/
append_entries: 0
Backfill time budget exhausted; remaining entries deferred to the next run.
backfilled_entries: 0
Finish: 2026-07-30 04:08:31.749716
------------------------------------------------------
Started: 2026-07-30 05:30:48.802471
Existing_entries: 10
Fetching from https://blogs.microsoft.com/feed/
append_entries: 0
Backfilled in 46s: [Powering America’s Genesis Mission: Microsoft’s commitment to scientific discovery](https://blogs.microsoft.com/blog/2026/07/22/powering-americas-genesis-mission-microsofts-commitment-to-scientific-discovery/)
Category: 行业动态
Backfilled in 71s: [Looking back on Microsoft’s FY26: From AI experimentation to Frontier Transformation](https://blogs.microsoft.com/blog/2026/07/28/looking-back-on-microsofts-fy26-from-ai-experimentation-to-frontier-transformation/)
Category: 产品应用
Backfilled in 86s: [Rethinking security for the age of AI](https://blogs.microsoft.com/blog/2026/07/27/rethinking-security-for-the-age-of-ai/)
Category: 产品应用
Backfilled in 69s: [The latest in our company transformation](https://blogs.microsoft.com/blog/2026/07/06/the-latest-in-our-company-transformation/)
Category: 行业动态
Backfilled in 81s: [Microsoft expands Azure AI and HPC infrastructure with AMD](https://blogs.microsoft.com/blog/2026/07/20/microsoft-expands-azure-ai-and-hpc-infrastructure-with-amd/)
Category: 产品应用
Backfilled in 99s: [Microsoft Frontier Company: AI engineering that amplifies and protects your intelligence](https://blogs.microsoft.com/blog/2026/07/02/microsoft-frontier-company-ai-engineering-that-amplifies-and-protects-your-intelligence/)
Category: 行业动态
backfilled_entries: 6
Finish: 2026-07-30 05:33:53.635927
------------------------------------------------------
Started: 2026-07-31 04:03:38.455059
Existing_entries: 10
Fetching from https://blogs.microsoft.com/feed/
append_entries: 0
backfilled_entries: 0
Finish: 2026-07-31 04:03:38.586146
------------------------------------------------------
Started: 2026-07-31 14:14:05.138752
Existing_entries: 10
Fetching from https://blogs.microsoft.com/feed/
append_entries: 0
backfilled_entries: 0
Finish: 2026-07-31 14:14:05.334854
------------------------------------------------------
Started: 2026-08-01 04:10:12.945758
Existing_entries: 10
Fetching from https://blogs.microsoft.com/feed/
append_entries: 0
backfilled_entries: 0
Finish: 2026-08-01 04:10:13.143945
