------------------------------------------------------
Started: 2026-07-29 04:37:04.412484
Existing_entries: 0
Fetching from https://www.awwwards.com/websites/sites_of_the_day/
Collector fetch error: HTTPSConnectionPool(host='www.awwwards.com', port=443): Max retries exceeded with url: /websites/sites_of_the_day/ (Caused by NewConnectionError("HTTPSConnection(host='www.awwwards.com', port=443): Failed to establish a new connection: [Errno 101] Network is unreachable"))
Fetch failed from https://www.awwwards.com/websites/sites_of_the_day/
append_entries: 0
error when rendering xml, skip docs/awwwards-sotd
------------------------------------------------------
Started: 2026-07-29 04:48:57.535666
Existing_entries: 0
Fetching from https://www.awwwards.com/websites/sites_of_the_day/
Collector awwwards_sotd: 31 entries
Append: [Made With Gsap](https://www.awwwards.com/sites/made-with-gsap-1)
Append: [Obys® Experiment Space](https://www.awwwards.com/sites/obys-r-experiment-space)
Append: [TRIONN](https://www.awwwards.com/sites/trionn-2)
Append: [Partizan](https://www.awwwards.com/sites/partizan)
Append: [Artem Shcherbakov](https://www.awwwards.com/sites/artem-shcherbakov)
Append: [Spotify Wrapped Party](https://www.awwwards.com/sites/spotify-wrapped-party)
Append: [NORMAL IS BORING](https://www.awwwards.com/sites/normal-is-boring)
Append: [Dragonfly Redux](https://www.awwwards.com/sites/dragonfly-redux)
Append: [Lacoste — Polo Factory](https://www.awwwards.com/sites/lacoste-polo-factory)
Append: [Lama Lama](https://www.awwwards.com/sites/lama-lama-2)
Append: [Glitch&Grit](https://www.awwwards.com/sites/glitch-grit)
Append: [IZANAMI](https://www.awwwards.com/sites/izanami)
Append: [Hiroto Sato](https://www.awwwards.com/sites/hiroto-sato)
Append: [CoffeeTech®](https://www.awwwards.com/sites/coffeetech-r)
Append: [RISK](https://www.awwwards.com/sites/risk)
Append: [House of Honey](https://www.awwwards.com/sites/house-of-honey-1)
Append: [PP Neue Montreal](https://www.awwwards.com/sites/pp-neue-montreal)
Append: [Longbow](https://www.awwwards.com/sites/longbow)
Append: [Vectr](https://www.awwwards.com/sites/vectr)
Append: [21 Hrs On The Moon](https://www.awwwards.com/sites/21-hrs-on-the-moon)
Append: [Brunello Cucinelli - AI E-com](https://www.awwwards.com/sites/brunello-cucinelli-ai-e-com)
Append: [Julien Calot](https://www.awwwards.com/sites/julien-calot)
Append: [Depo Luxe](https://www.awwwards.com/sites/depo-luxe)
Append: [MONOLOG](https://www.awwwards.com/sites/monolog)
Append: [Hildén & Kaira](https://www.awwwards.com/sites/hilden-kaira)
Append: [Radian](https://www.awwwards.com/sites/radian)
Append: [Bucks Sauce](https://www.awwwards.com/sites/bucks-sauce)
Append: [Units](https://www.awwwards.com/sites/units)
Append: [Wembi](https://www.awwwards.com/sites/wembi)
Append: [NRG | Build Your Data Center](https://www.awwwards.com/sites/nrg-build-your-data-center)
Append: [Meech213](https://www.awwwards.com/sites/meech213)
append_entries: 31
Finish: 2026-07-29 04:48:58.792410
------------------------------------------------------
Started: 2026-07-29 07:08:43.561090
Existing_entries: 31
Fetching from https://www.awwwards.com/websites/sites_of_the_day/
Collector fetch error: HTTPSConnectionPool(host='www.awwwards.com', port=443): Read timed out.
Fetch failed from https://www.awwwards.com/websites/sites_of_the_day/
append_entries: 0
error when rendering xml, skip docs/awwwards-sotd
------------------------------------------------------
Started: 2026-07-29 08:43:18.710637
Existing_entries: 31
Fetching from https://www.awwwards.com/websites/sites_of_the_day/
Collector awwwards_sotd: 31 entries
append_entries: 0
Backfilled: [Made With Gsap](https://www.awwwards.com/sites/made-with-gsap-1)
Category: 技术展示
Backfilled: [Obys® Experiment Space](https://www.awwwards.com/sites/obys-r-experiment-space)
Category: 技术展示
Backfill failed: [TRIONN](https://www.awwwards.com/sites/trionn-2)
error: Error code: 429 - {'error': {'message': 'rate limit exceeded', 'type': 'rate_limit_exceeded', 'param': None, 'code': 'rate_limit_exceeded'}}
Backfill failed: [Partizan](https://www.awwwards.com/sites/partizan)
error: Error code: 429 - {'error': {'message': 'rate limit exceeded', 'type': 'rate_limit_exceeded', 'param': None, 'code': 'rate_limit_exceeded'}}
Backfilled: [Artem Shcherbakov](https://www.awwwards.com/sites/artem-shcherbakov)
Category: 优秀工作室
Backfilled: [Spotify Wrapped Party](https://www.awwwards.com/sites/spotify-wrapped-party)
Category: 技术展示
Backfilled: [NORMAL IS BORING](https://www.awwwards.com/sites/normal-is-boring)
Category: 视觉风格
Backfilled: [Dragonfly Redux](https://www.awwwards.com/sites/dragonfly-redux)
Category: 技术展示
Backfilled: [Lacoste — Polo Factory](https://www.awwwards.com/sites/lacoste-polo-factory)
Category: 技术展示
Backfilled: [Lama Lama](https://www.awwwards.com/sites/lama-lama-2)
Category: 优秀工作室
Backfilled: [Glitch&Grit](https://www.awwwards.com/sites/glitch-grit)
Category: 优秀工作室
Backfilled: [IZANAMI](https://www.awwwards.com/sites/izanami)
Category: 技术展示
backfilled_entries: 10
Finish: 2026-07-29 08:45:47.571089
