------------------------------------------------------
Started: 2026-07-30 10:49:00.635785
Existing_entries: 0
Fetching from https://blogs.nvidia.com/feed/
Append: [Powerful Compute So Compact, It’s Clutch — Build AI Anywhere With NVIDIA Jetson](https://blogs.nvidia.com/blog/build-ai-with-nvidia-jetson/)
Append: [Industry Leaders Unite in Open Secure AI Alliance for AI Safety and Security](https://blogs.nvidia.com/blog/open-secure-ai-alliance/)
Append: [NVIDIA Harnesses Vera CPU to Speed Up Design of Next-Generation CPUs and GPUs](https://blogs.nvidia.com/blog/vera-cpu-eda/)
Append: [At AI Summit, South Korea Outlines Its AI Future With NVIDIA and Partners](https://blogs.nvidia.com/blog/ai-summit-korea-partners-and-nvidia/)
Append: [GeForce NOW Sets Sail With ‘Path of Exile: Curse of the Allflame’ Joining the Cloud](https://blogs.nvidia.com/blog/geforce-now-thursday-path-of-exile-allflame/)
Append: [NVIDIA AI Supercomputer Comes Online at Naval Postgraduate School](https://blogs.nvidia.com/blog/naval-postgraduate-school-dgx-ai-supercomputer/)
Append: [NVIDIA Open Sources First GPU-Accelerated Medical Physics Simulation Framework](https://blogs.nvidia.com/blog/medical-physics-simulation-open-source/)
Append: [Built in Fort Worth: Wistron Opens Advanced Manufacturing Plant to Produce NVIDIA AI Systems](https://blogs.nvidia.com/blog/wistron-manufacturing-texas/)
Append: [NVIDIA Vera Rubin Driving Performance Per Watt, Lowest Token Cost for Partners Worldwide](https://blogs.nvidia.com/blog/vera-rubin/)
Append: [Built for Vera Rubin, NVIDIA Spectrum-6 Arrives in Gigascale AI Factories](https://blogs.nvidia.com/blog/nvidia-spectrum-six-arrives-in-gigascale-ai-factories/)
Append: [NVIDIA and Partners Build in America, for America](https://blogs.nvidia.com/blog/nvidia-and-partners-build-in-america-for-america/)
Append: [At SIGGRAPH, NVIDIA Advances Graphics and Simulation With Agentic and Physical AI](https://blogs.nvidia.com/blog/siggraph-news-2026/)
Append: [Bristol Myers Squibb Building Life Science Industry’s Most Advanced AI Factory on NVIDIA Vera Rubin](https://blogs.nvidia.com/blog/bristol-myers-squibb-building-life-science-industrys-most-advanced-ai-factory-on-nvidia-vera-rubin/)
Append: [NVIDIA Vera Rubin Maximizes Intelligence per Dollar for Post-Training Workloads — a Key Metric for Agentic AI](https://blogs.nvidia.com/blog/nvidia-vera-rubin-post-training-intelligence-per-dollar/)
Append: [Sharpen the Sword, Skip the Downloads — ‘Onimusha: Way of the Sword’ Is Coming to GeForce NOW](https://blogs.nvidia.com/blog/geforce-now-thursday-onimusha-coming/)
Append: [NVIDIA Introduces New Jetson Thor Computers to Advance Mainstream Robotics and Edge AI](https://blogs.nvidia.com/blog/jetson-thor-robotics-edge-ai-agent/)
Append: [NVIDIA and Japan Bring Full-Stack AI and Robotics to Every Industry](https://blogs.nvidia.com/blog/japan-ecosystem-2026/)
Append: [Nemotron Labs: How Open Models Give Enterprises and Nations AI They Can Trust, Control and Customize](https://blogs.nvidia.com/blog/nemotron-open-models-ai-trust-control-customize/)
append_entries: 18
Finish: 2026-07-30 10:49:01.532903
------------------------------------------------------
Started: 2026-07-30 10:53:20.784271
Existing_entries: 18
Fetching from https://blogs.nvidia.com/feed/
append_entries: 0
Finish: 2026-07-30 10:53:21.376824
------------------------------------------------------
Started: 2026-07-30 10:55:36.323851
Existing_entries: 18
Fetching from https://blogs.nvidia.com/feed/
append_entries: 0
Finish: 2026-07-30 10:55:37.265251
------------------------------------------------------
Started: 2026-07-30 11:03:25.695836
Existing_entries: 18
Fetching from https://blogs.nvidia.com/feed/
append_entries: 0
Finish: 2026-07-30 11:03:26.302278
------------------------------------------------------
Started: 2026-07-30 11:05:26.560019
Existing_entries: 18
Fetching from https://blogs.nvidia.com/feed/
append_entries: 0
Finish: 2026-07-30 11:05:27.180768
