------------------------------------------------------
Started: 2026-07-30 10:49:00.220713
Existing_entries: 0
Fetching from https://content.spacex.com/api/spacex-website/updates
Collector fetch error: 403
Fetch failed from https://content.spacex.com/api/spacex-website/updates
append_entries: 0
Fetch failed and no existing entries; skipping output.
------------------------------------------------------
Started: 2026-07-30 10:53:20.419164
Existing_entries: 0
Fetching from https://content.spacex.com/api/spacex-website/updates
Collector fetch error: 403
Fetch failed from https://content.spacex.com/api/spacex-website/updates
append_entries: 0
Fetch failed and no existing entries; skipping output.
------------------------------------------------------
Started: 2026-07-30 10:55:35.695423
Existing_entries: 0
Fetching from https://content.spacex.com/api/spacex-website/updates
Collector fetch error: 403
Fetch failed from https://content.spacex.com/api/spacex-website/updates
append_entries: 0
Fetch failed and no existing entries; skipping output.
------------------------------------------------------
Started: 2026-07-30 11:03:25.268717
Existing_entries: 0
Fetching from https://content.spacex.com/api/spacex-website/updates
Collector fetch error: 403
Fetch failed from https://content.spacex.com/api/spacex-website/updates
append_entries: 0
Fetch failed and no existing entries; skipping output.
------------------------------------------------------
Started: 2026-07-30 11:05:26.189849
Existing_entries: 0
Fetching from https://content.spacex.com/api/spacex-website/updates
Collector fetch error: 403
Fetch failed from https://content.spacex.com/api/spacex-website/updates
append_entries: 0
Fetch failed and no existing entries; skipping output.
